Kevin,Hildner,1234,kevin@email.com,çÏ>ôñ|9™©O,oa.ŠˆŽ[&‡ŽN9‹#½8ì",5
